15:47:44 **** Build of project lab5_bsp ****
make -k all 
"Running Make include in ps7_cortexa9_0/libsrc/bram_v4_0/src"
make -C ps7_cortexa9_0/libsrc/bram_v4_0/src -s include  "SHELL=CMD" "COMPILER=arm-xilinx-eabi-gcc" "ARCHIVER=arm-xilinx-eabi-ar" "COMPILER_FLAGS=  -O2 -c" "EXTRA_COMPILER_FLAGS=-g"
"Running Make include in ps7_cortexa9_0/libsrc/cpu_cortexa9_v2_1/src"
make -C ps7_cortexa9_0/libsrc/cpu_cortexa9_v2_1/src -s include  "SHELL=CMD" "COMPILER=arm-xilinx-eabi-gcc" "ARCHIVER=arm-xilinx-eabi-ar" "COMPILER_FLAGS=  -O2 -c" "EXTRA_COMPILER_FLAGS=-g"
"Running Make include in ps7_cortexa9_0/libsrc/devcfg_v3_2/src"
make -C ps7_cortexa9_0/libsrc/devcfg_v3_2/src -s include  "SHELL=CMD" "COMPILER=arm-xilinx-eabi-gcc" "ARCHIVER=arm-xilinx-eabi-ar" "COMPILER_FLAGS=  -O2 -c" "EXTRA_COMPILER_FLAGS=-g"
"Running Make include in ps7_cortexa9_0/libsrc/dmaps_v2_1/src"
make -C ps7_cortexa9_0/libsrc/dmaps_v2_1/src -s include  "SHELL=CMD" "COMPILER=arm-xilinx-eabi-gcc" "ARCHIVER=arm-xilinx-eabi-ar" "COMPILER_FLAGS=  -O2 -c" "EXTRA_COMPILER_FLAGS=-g"
"Running Make include in ps7_cortexa9_0/libsrc/gpio_v4_0/src"
make -C ps7_cortexa9_0/libsrc/gpio_v4_0/src -s include  "SHELL=CMD" "COMPILER=arm-xilinx-eabi-gcc" "ARCHIVER=arm-xilinx-eabi-ar" "COMPILER_FLAGS=  -O2 -c" "EXTRA_COMPILER_FLAGS=-g"
"Running Make include in ps7_cortexa9_0/libsrc/led_ip_v1_0/src"
make -C ps7_cortexa9_0/libsrc/led_ip_v1_0/src -s include  "SHELL=CMD" "COMPILER=arm-xilinx-eabi-gcc" "ARCHIVER=arm-xilinx-eabi-ar" "COMPILER_FLAGS=  -O2 -c" "EXTRA_COMPILER_FLAGS=-g"
"Running Make include in ps7_cortexa9_0/libsrc/scugic_v2_1/src"
make -C ps7_cortexa9_0/libsrc/scugic_v2_1/src -s include  "SHELL=CMD" "COMPILER=arm-xilinx-eabi-gcc" "ARCHIVER=arm-xilinx-eabi-ar" "COMPILER_FLAGS=  -O2 -c" "EXTRA_COMPILER_FLAGS=-g"
"Running Make include in ps7_cortexa9_0/libsrc/scutimer_v2_0/src"
make -C ps7_cortexa9_0/libsrc/scutimer_v2_0/src -s include  "SHELL=CMD" "COMPILER=arm-xilinx-eabi-gcc" "ARCHIVER=arm-xilinx-eabi-ar" "COMPILER_FLAGS=  -O2 -c" "EXTRA_COMPILER_FLAGS=-g"
"Running Make include in ps7_cortexa9_0/libsrc/scuwdt_v2_0/src"
make -C ps7_cortexa9_0/libsrc/scuwdt_v2_0/src -s include  "SHELL=CMD" "COMPILER=arm-xilinx-eabi-gcc" "ARCHIVER=arm-xilinx-eabi-ar" "COMPILER_FLAGS=  -O2 -c" "EXTRA_COMPILER_FLAGS=-g"
"Running Make include in ps7_cortexa9_0/libsrc/standalone_v4_2/src"
make -C ps7_cortexa9_0/libsrc/standalone_v4_2/src -s include  "SHELL=CMD" "COMPILER=arm-xilinx-eabi-gcc" "ARCHIVER=arm-xilinx-eabi-ar" "COMPILER_FLAGS=  -O2 -c" "EXTRA_COMPILER_FLAGS=-g"
"Running Make include in ps7_cortexa9_0/libsrc/uartps_v2_2/src"
make -C ps7_cortexa9_0/libsrc/uartps_v2_2/src -s include  "SHELL=CMD" "COMPILER=arm-xilinx-eabi-gcc" "ARCHIVER=arm-xilinx-eabi-ar" "COMPILER_FLAGS=  -O2 -c" "EXTRA_COMPILER_FLAGS=-g"
"Running Make include in ps7_cortexa9_0/libsrc/xadcps_v2_1/src"
make -C ps7_cortexa9_0/libsrc/xadcps_v2_1/src -s include  "SHELL=CMD" "COMPILER=arm-xilinx-eabi-gcc" "ARCHIVER=arm-xilinx-eabi-ar" "COMPILER_FLAGS=  -O2 -c" "EXTRA_COMPILER_FLAGS=-g"
"Running Make libs in ps7_cortexa9_0/libsrc/bram_v4_0/src"
make -C ps7_cortexa9_0/libsrc/bram_v4_0/src -s libs  "SHELL=CMD" "COMPILER=arm-xilinx-eabi-gcc" "ARCHIVER=arm-xilinx-eabi-ar" "COMPILER_FLAGS=  -O2 -c" "EXTRA_COMPILER_FLAGS=-g"
"Compiling bram"
arm-xilinx-eabi-ar: creating ../../../lib/libxil.a
"Running Make libs in ps7_cortexa9_0/libsrc/cpu_cortexa9_v2_1/src"
make -C ps7_cortexa9_0/libsrc/cpu_cortexa9_v2_1/src -s libs  "SHELL=CMD" "COMPILER=arm-xilinx-eabi-gcc" "ARCHIVER=arm-xilinx-eabi-ar" "COMPILER_FLAGS=  -O2 -c" "EXTRA_COMPILER_FLAGS=-g"
"Compiling cpu_cortexa9"
"Running Make libs in ps7_cortexa9_0/libsrc/devcfg_v3_2/src"
make -C ps7_cortexa9_0/libsrc/devcfg_v3_2/src -s libs  "SHELL=CMD" "COMPILER=arm-xilinx-eabi-gcc" "ARCHIVER=arm-xilinx-eabi-ar" "COMPILER_FLAGS=  -O2 -c" "EXTRA_COMPILER_FLAGS=-g"
"Compiling devcfg"
"Running Make libs in ps7_cortexa9_0/libsrc/dmaps_v2_1/src"
make -C ps7_cortexa9_0/libsrc/dmaps_v2_1/src -s libs  "SHELL=CMD" "COMPILER=arm-xilinx-eabi-gcc" "ARCHIVER=arm-xilinx-eabi-ar" "COMPILER_FLAGS=  -O2 -c" "EXTRA_COMPILER_FLAGS=-g"
"Compiling dmaps"
"Running Make libs in ps7_cortexa9_0/libsrc/gpio_v4_0/src"
make -C ps7_cortexa9_0/libsrc/gpio_v4_0/src -s libs  "SHELL=CMD" "COMPILER=arm-xilinx-eabi-gcc" "ARCHIVER=arm-xilinx-eabi-ar" "COMPILER_FLAGS=  -O2 -c" "EXTRA_COMPILER_FLAGS=-g"
"Compiling gpio"
"Running Make libs in ps7_cortexa9_0/libsrc/led_ip_v1_0/src"
make -C ps7_cortexa9_0/libsrc/led_ip_v1_0/src -s libs  "SHELL=CMD" "COMPILER=arm-xilinx-eabi-gcc" "ARCHIVER=arm-xilinx-eabi-ar" "COMPILER_FLAGS=  -O2 -c" "EXTRA_COMPILER_FLAGS=-g"
"Compiling led_ip..."
"Running Make libs in ps7_cortexa9_0/libsrc/scugic_v2_1/src"
make -C ps7_cortexa9_0/libsrc/scugic_v2_1/src -s libs  "SHELL=CMD" "COMPILER=arm-xilinx-eabi-gcc" "ARCHIVER=arm-xilinx-eabi-ar" "COMPILER_FLAGS=  -O2 -c" "EXTRA_COMPILER_FLAGS=-g"
"Compiling scugic"
"Running Make libs in ps7_cortexa9_0/libsrc/scutimer_v2_0/src"
make -C ps7_cortexa9_0/libsrc/scutimer_v2_0/src -s libs  "SHELL=CMD" "COMPILER=arm-xilinx-eabi-gcc" "ARCHIVER=arm-xilinx-eabi-ar" "COMPILER_FLAGS=  -O2 -c" "EXTRA_COMPILER_FLAGS=-g"
"Compiling scutimer"
"Running Make libs in ps7_cortexa9_0/libsrc/scuwdt_v2_0/src"
make -C ps7_cortexa9_0/libsrc/scuwdt_v2_0/src -s libs  "SHELL=CMD" "COMPILER=arm-xilinx-eabi-gcc" "ARCHIVER=arm-xilinx-eabi-ar" "COMPILER_FLAGS=  -O2 -c" "EXTRA_COMPILER_FLAGS=-g"
"Compiling scuwdt"
"Running Make libs in ps7_cortexa9_0/libsrc/standalone_v4_2/src"
make -C ps7_cortexa9_0/libsrc/standalone_v4_2/src -s libs  "SHELL=CMD" "COMPILER=arm-xilinx-eabi-gcc" "ARCHIVER=arm-xilinx-eabi-ar" "COMPILER_FLAGS=  -O2 -c" "EXTRA_COMPILER_FLAGS=-g"
"Compiling standalone"
"Running Make libs in ps7_cortexa9_0/libsrc/uartps_v2_2/src"
make -C ps7_cortexa9_0/libsrc/uartps_v2_2/src -s libs  "SHELL=CMD" "COMPILER=arm-xilinx-eabi-gcc" "ARCHIVER=arm-xilinx-eabi-ar" "COMPILER_FLAGS=  -O2 -c" "EXTRA_COMPILER_FLAGS=-g"
"Compiling uartps"
"Running Make libs in ps7_cortexa9_0/libsrc/xadcps_v2_1/src"
make -C ps7_cortexa9_0/libsrc/xadcps_v2_1/src -s libs  "SHELL=CMD" "COMPILER=arm-xilinx-eabi-gcc" "ARCHIVER=arm-xilinx-eabi-ar" "COMPILER_FLAGS=  -O2 -c" "EXTRA_COMPILER_FLAGS=-g"
"Compiling xadcps"
'Finished building libraries'

**** Build of configuration Debug for project lab5 ****

Nothing to build for project lab5
22:08:34 **** Auto Build of configuration Debug for project lab5 ****
make all 
'Building file: ../src/lab5.c'
'Invoking: ARM gcc compiler'
arm-xilinx-eabi-gcc -Wall -O0 -g3 -c -fmessage-length=0 -MT"src/lab5.o" -I../../lab5_bsp/ps7_cortexa9_0/include -MMD -MP -MF"src/lab5.d" -MT"src/lab5.d" -o "src/lab5.o" "../src/lab5.c"
../src/lab5.c:3:19: fatal error: xutil.h: No such file or directory
 #include "xutil.h"
                   ^
compilation terminated.
make: *** [src/lab5.o] ´íÎó 1
22:10:03 **** Auto Build of configuration Debug for project lab5 ****
make all 
'Building file: ../src/lab5.c'
'Invoking: ARM gcc compiler'
arm-xilinx-eabi-gcc -Wall -O0 -g3 -c -fmessage-length=0 -MT"src/lab5.o" -I../../lab5_bsp/ps7_cortexa9_0/include -MMD -MP -MF"src/lab5.d" -MT"src/lab5.d" -o "src/lab5.o" "../src/lab5.c"
In file included from ../src/xutil.h:112:0,
                 from ../src/lab5.c:3:
../../lab5_bsp/ps7_cortexa9_0/include/xbasic_types.h:115:2: warning: #warning The xbasics_type.h file is deprecated and users should use xil_types.h and xil_assert. [-Wcpp]
 #warning  The xbasics_type.h file is deprecated and users should use xil_types.h and xil_assert.
  ^
../../lab5_bsp/ps7_cortexa9_0/include/xbasic_types.h:116:2: warning: #warning Please refer the Standalone BSP UG647 for further details [-Wcpp]
 #warning  Please refer the Standalone BSP UG647 for further details
  ^
../src/lab5.c:8:1: error: unknown type name 'XScuTimer'
 XScuTimer Timer;  /* Cortex A9 SCU Private Timer Instance */
 ^
../src/lab5.c: In function 'main':
../src/lab5.c:19:4: error: unknown type name 'XScuTimer_Config'
    XScuTimer_Config *ConfigPtr;
    ^
../src/lab5.c:20:4: error: unknown type name 'XScuTimer'
    XScuTimer *TimerInstancePtr = &Timer;
    ^
../src/lab5.c:24:27: error: 'XPAR_SW_8BIT_DEVICE_ID' undeclared (first use in this function)
    XGpio_Initialize(&dip, XPAR_SW_8BIT_DEVICE_ID);
                           ^
../src/lab5.c:24:27: note: each undeclared identifier is reported only once for each function it appears in
../src/lab5.c:27:28: error: 'XPAR_BTNS_5BIT_DEVICE_ID' undeclared (first use in this function)
    XGpio_Initialize(&push, XPAR_BTNS_5BIT_DEVICE_ID);
                            ^
../src/lab5.c:48:5: warning: implicit declaration of function 'XScuTimer_Stop' [-Wimplicit-function-declaration]
     XScuTimer_Stop(TimerInstancePtr);
     ^
../src/lab5.c:59:4: warning: implicit declaration of function 'XScuTimer_IsExpired' [-Wimplicit-function-declaration]
    if(XScuTimer_IsExpired(TimerInstancePtr)) {
    ^
../src/lab5.c:19:22: warning: unused variable 'ConfigPtr' [-Wunused-variable]
    XScuTimer_Config *ConfigPtr;
                      ^
../src/lab5.c:16:53: warning: unused variable 'Status' [-Wunused-variable]
    int psb_check, dip_check, dip_check_prev, count, Status;
                                                     ^
../src/lab5.c:16:46: warning: variable 'count' set but not used [-Wunused-but-set-variable]
    int psb_check, dip_check, dip_check_prev, count, Status;
                                              ^
make: *** [src/lab5.o] ´íÎó 1
22:11:53 **** Auto Build of configuration Debug for project lab5 ****
make all 
'Building file: ../src/lab5.c'
'Invoking: ARM gcc compiler'
arm-xilinx-eabi-gcc -Wall -O0 -g3 -c -fmessage-length=0 -MT"src/lab5.o" -I../../lab5_bsp/ps7_cortexa9_0/include -MMD -MP -MF"src/lab5.d" -MT"src/lab5.d" -o "src/lab5.o" "../src/lab5.c"
In file included from ../src/xutil.h:112:0,
                 from ../src/lab5.c:3:
../../lab5_bsp/ps7_cortexa9_0/include/xbasic_types.h:115:2: warning: #warning The xbasics_type.h file is deprecated and users should use xil_types.h and xil_assert. [-Wcpp]
 #warning  The xbasics_type.h file is deprecated and users should use xil_types.h and xil_assert.
  ^
../../lab5_bsp/ps7_cortexa9_0/include/xbasic_types.h:116:2: warning: #warning Please refer the Standalone BSP UG647 for further details [-Wcpp]
 #warning  Please refer the Standalone BSP UG647 for further details
  ^
../src/lab5.c: In function 'main':
../src/lab5.c:25:27: error: 'XPAR_SW_8BIT_DEVICE_ID' undeclared (first use in this function)
    XGpio_Initialize(&dip, XPAR_SW_8BIT_DEVICE_ID);
                           ^
../src/lab5.c:25:27: note: each undeclared identifier is reported only once for each function it appears in
../src/lab5.c:28:28: error: 'XPAR_BTNS_5BIT_DEVICE_ID' undeclared (first use in this function)
    XGpio_Initialize(&push, XPAR_BTNS_5BIT_DEVICE_ID);
                            ^
../src/lab5.c:20:22: warning: unused variable 'ConfigPtr' [-Wunused-variable]
    XScuTimer_Config *ConfigPtr;
                      ^
../src/lab5.c:17:53: warning: unused variable 'Status' [-Wunused-variable]
    int psb_check, dip_check, dip_check_prev, count, Status;
                                                     ^
../src/lab5.c:17:46: warning: variable 'count' set but not used [-Wunused-but-set-variable]
    int psb_check, dip_check, dip_check_prev, count, Status;
                                              ^
make: *** [src/lab5.o] ´íÎó 1
22:19:37 **** Auto Build of configuration Debug for project lab5 ****
make all 
'Building file: ../src/lab5.c'
'Invoking: ARM gcc compiler'
arm-xilinx-eabi-gcc -Wall -O0 -g3 -c -fmessage-length=0 -MT"src/lab5.o" -I../../lab5_bsp/ps7_cortexa9_0/include -MMD -MP -MF"src/lab5.d" -MT"src/lab5.d" -o "src/lab5.o" "../src/lab5.c"
In file included from ../src/xutil.h:112:0,
                 from ../src/lab5.c:3:
../../lab5_bsp/ps7_cortexa9_0/include/xbasic_types.h:115:2: warning: #warning The xbasics_type.h file is deprecated and users should use xil_types.h and xil_assert. [-Wcpp]
 #warning  The xbasics_type.h file is deprecated and users should use xil_types.h and xil_assert.
  ^
../../lab5_bsp/ps7_cortexa9_0/include/xbasic_types.h:116:2: warning: #warning Please refer the Standalone BSP UG647 for further details [-Wcpp]
 #warning  Please refer the Standalone BSP UG647 for further details
  ^
../src/lab5.c: In function 'main':
../src/lab5.c:25:27: error: 'XPAR_SW_8BIT_DEVICE_ID' undeclared (first use in this function)
    XGpio_Initialize(&dip, XPAR_SW_8BIT_DEVICE_ID);
                           ^
../src/lab5.c:25:27: note: each undeclared identifier is reported only once for each function it appears in
../src/lab5.c:28:28: error: 'XPAR_BTNS_5BIT_DEVICE_ID' undeclared (first use in this function)
    XGpio_Initialize(&push, XPAR_BTNS_5BIT_DEVICE_ID);
                            ^
../src/lab5.c:39:12: error: 'XST_FALLURE' undeclared (first use in this function)
     return XST_FALLURE;
            ^
../src/lab5.c:17:46: warning: variable 'count' set but not used [-Wunused-but-set-variable]
    int psb_check, dip_check, dip_check_prev, count, Status;
                                              ^
make: *** [src/lab5.o] ´íÎó 1
22:27:29 **** Auto Build of configuration Debug for project lab5 ****
make all 
'Building file: ../src/lab5.c'
'Invoking: ARM gcc compiler'
arm-xilinx-eabi-gcc -Wall -O0 -g3 -c -fmessage-length=0 -MT"src/lab5.o" -I../../lab5_bsp/ps7_cortexa9_0/include -MMD -MP -MF"src/lab5.d" -MT"src/lab5.d" -o "src/lab5.o" "../src/lab5.c"
In file included from ../src/xutil.h:112:0,
                 from ../src/lab5.c:3:
../../lab5_bsp/ps7_cortexa9_0/include/xbasic_types.h:115:2: warning: #warning The xbasics_type.h file is deprecated and users should use xil_types.h and xil_assert. [-Wcpp]
 #warning  The xbasics_type.h file is deprecated and users should use xil_types.h and xil_assert.
  ^
../../lab5_bsp/ps7_cortexa9_0/include/xbasic_types.h:116:2: warning: #warning Please refer the Standalone BSP UG647 for further details [-Wcpp]
 #warning  Please refer the Standalone BSP UG647 for further details
  ^
../src/lab5.c: In function 'main':
../src/lab5.c:25:27: error: 'XPAR_SW_8BIT_DEVICE_ID' undeclared (first use in this function)
    XGpio_Initialize(&dip, XPAR_SW_8BIT_DEVICE_ID);
                           ^
../src/lab5.c:25:27: note: each undeclared identifier is reported only once for each function it appears in
../src/lab5.c:28:28: error: 'XPAR_BTNS_5BIT_DEVICE_ID' undeclared (first use in this function)
    XGpio_Initialize(&push, XPAR_BTNS_5BIT_DEVICE_ID);
                            ^
../src/lab5.c:39:12: error: 'XST_FALLURE' undeclared (first use in this function)
     return XST_FALLURE;
            ^
../src/lab5.c:17:46: warning: variable 'count' set but not used [-Wunused-but-set-variable]
    int psb_check, dip_check, dip_check_prev, count, Status;
                                              ^
make: *** [src/lab5.o] ´íÎó 1
22:29:09 **** Auto Build of configuration Debug for project lab5 ****
make all 
'Building file: ../src/lab5.c'
'Invoking: ARM gcc compiler'
arm-xilinx-eabi-gcc -Wall -O0 -g3 -c -fmessage-length=0 -MT"src/lab5.o" -I../../lab5_bsp/ps7_cortexa9_0/include -MMD -MP -MF"src/lab5.d" -MT"src/lab5.d" -o "src/lab5.o" "../src/lab5.c"
In file included from ../src/xutil.h:112:0,
                 from ../src/lab5.c:3:
../../lab5_bsp/ps7_cortexa9_0/include/xbasic_types.h:115:2: warning: #warning The xbasics_type.h file is deprecated and users should use xil_types.h and xil_assert. [-Wcpp]
 #warning  The xbasics_type.h file is deprecated and users should use xil_types.h and xil_assert.
  ^
../../lab5_bsp/ps7_cortexa9_0/include/xbasic_types.h:116:2: warning: #warning Please refer the Standalone BSP UG647 for further details [-Wcpp]
 #warning  Please refer the Standalone BSP UG647 for further details
  ^
../src/lab5.c: In function 'main':
../src/lab5.c:25:27: error: 'XPAR_SW_8BIT_DEVICE_ID' undeclared (first use in this function)
    XGpio_Initialize(&dip, XPAR_SW_8BIT_DEVICE_ID);
                           ^
../src/lab5.c:25:27: note: each undeclared identifier is reported only once for each function it appears in
../src/lab5.c:28:28: error: 'XPAR_BTNS_5BIT_DEVICE_ID' undeclared (first use in this function)
    XGpio_Initialize(&push, XPAR_BTNS_5BIT_DEVICE_ID);
                            ^
../src/lab5.c:39:12: error: 'XST_FALLURE' undeclared (first use in this function)
     return XST_FALLURE;
            ^
../src/lab5.c:17:46: warning: variable 'count' set but not used [-Wunused-but-set-variable]
    int psb_check, dip_check, dip_check_prev, count, Status;
                                              ^
make: *** [src/lab5.o] ´íÎó 1
22:30:19 **** Auto Build of configuration Debug for project lab5 ****
make all 
'Building file: ../src/lab5.c'
'Invoking: ARM gcc compiler'
arm-xilinx-eabi-gcc -Wall -O0 -g3 -c -fmessage-length=0 -MT"src/lab5.o" -I../../lab5_bsp/ps7_cortexa9_0/include -MMD -MP -MF"src/lab5.d" -MT"src/lab5.d" -o "src/lab5.o" "../src/lab5.c"
In file included from ../src/xutil.h:112:0,
                 from ../src/lab5.c:3:
../../lab5_bsp/ps7_cortexa9_0/include/xbasic_types.h:115:2: warning: #warning The xbasics_type.h file is deprecated and users should use xil_types.h and xil_assert. [-Wcpp]
 #warning  The xbasics_type.h file is deprecated and users should use xil_types.h and xil_assert.
  ^
../../lab5_bsp/ps7_cortexa9_0/include/xbasic_types.h:116:2: warning: #warning Please refer the Standalone BSP UG647 for further details [-Wcpp]
 #warning  Please refer the Standalone BSP UG647 for further details
  ^
../src/lab5.c: In function 'main':
../src/lab5.c:25:27: error: 'XPAR_SW_8BIT_DEVICE_ID' undeclared (first use in this function)
    XGpio_Initialize(&dip, XPAR_SW_8BIT_DEVICE_ID);
                           ^
../src/lab5.c:25:27: note: each undeclared identifier is reported only once for each function it appears in
../src/lab5.c:28:28: error: 'XPAR_BTNS_5BIT_DEVICE_ID' undeclared (first use in this function)
    XGpio_Initialize(&push, XPAR_BTNS_5BIT_DEVICE_ID);
                            ^
../src/lab5.c:39:12: error: 'XST_FALLURE' undeclared (first use in this function)
     return XST_FALLURE;
            ^
../src/lab5.c:17:46: warning: variable 'count' set but not used [-Wunused-but-set-variable]
    int psb_check, dip_check, dip_check_prev, count, Status;
                                              ^
make: *** [src/lab5.o] ´íÎó 1
22:31:42 **** Auto Build of configuration Debug for project lab5 ****
make all 
'Building file: ../src/lab5.c'
'Invoking: ARM gcc compiler'
arm-xilinx-eabi-gcc -Wall -O0 -g3 -c -fmessage-length=0 -MT"src/lab5.o" -I../../lab5_bsp/ps7_cortexa9_0/include -MMD -MP -MF"src/lab5.d" -MT"src/lab5.d" -o "src/lab5.o" "../src/lab5.c"
In file included from ../src/xutil.h:112:0,
                 from ../src/lab5.c:3:
../../lab5_bsp/ps7_cortexa9_0/include/xbasic_types.h:115:2: warning: #warning The xbasics_type.h file is deprecated and users should use xil_types.h and xil_assert. [-Wcpp]
 #warning  The xbasics_type.h file is deprecated and users should use xil_types.h and xil_assert.
  ^
../../lab5_bsp/ps7_cortexa9_0/include/xbasic_types.h:116:2: warning: #warning Please refer the Standalone BSP UG647 for further details [-Wcpp]
 #warning  Please refer the Standalone BSP UG647 for further details
  ^
../src/lab5.c: In function 'main':
../src/lab5.c:25:27: error: 'XPAR_SW_8BIT_DEVICE_ID' undeclared (first use in this function)
    XGpio_Initialize(&dip, XPAR_SW_8BIT_DEVICE_ID);
                           ^
../src/lab5.c:25:27: note: each undeclared identifier is reported only once for each function it appears in
../src/lab5.c:28:28: error: 'XPAR_BTNS_5BIT_DEVICE_ID' undeclared (first use in this function)
    XGpio_Initialize(&push, XPAR_BTNS_5BIT_DEVICE_ID);
                            ^
../src/lab5.c:39:12: error: 'XST_FALLURE' undeclared (first use in this function)
     return XST_FALLURE;
            ^
../src/lab5.c:73:5: error: 'counter' undeclared (first use in this function)
     counter++;
     ^
make: *** [src/lab5.o] ´íÎó 1
22:34:34 **** Auto Build of configuration Debug for project lab5 ****
make all 
'Building file: ../src/lab5.c'
'Invoking: ARM gcc compiler'
arm-xilinx-eabi-gcc -Wall -O0 -g3 -c -fmessage-length=0 -MT"src/lab5.o" -I../../lab5_bsp/ps7_cortexa9_0/include -MMD -MP -MF"src/lab5.d" -MT"src/lab5.d" -o "src/lab5.o" "../src/lab5.c"
In file included from ../src/xutil.h:112:0,
                 from ../src/lab5.c:3:
../../lab5_bsp/ps7_cortexa9_0/include/xbasic_types.h:115:2: warning: #warning The xbasics_type.h file is deprecated and users should use xil_types.h and xil_assert. [-Wcpp]
 #warning  The xbasics_type.h file is deprecated and users should use xil_types.h and xil_assert.
  ^
../../lab5_bsp/ps7_cortexa9_0/include/xbasic_types.h:116:2: warning: #warning Please refer the Standalone BSP UG647 for further details [-Wcpp]
 #warning  Please refer the Standalone BSP UG647 for further details
  ^
../src/lab5.c: In function 'main':
../src/lab5.c:25:27: error: 'XPAR_SW_8BIT_DEVICE_ID' undeclared (first use in this function)
    XGpio_Initialize(&dip, XPAR_SW_8BIT_DEVICE_ID);
                           ^
../src/lab5.c:25:27: note: each undeclared identifier is reported only once for each function it appears in
../src/lab5.c:28:28: error: 'XPAR_BTNS_5BIT_DEVICE_ID' undeclared (first use in this function)
    XGpio_Initialize(&push, XPAR_BTNS_5BIT_DEVICE_ID);
                            ^
../src/lab5.c:39:12: error: 'XST_FALLURE' undeclared (first use in this function)
     return XST_FALLURE;
            ^
make: *** [src/lab5.o] ´íÎó 1
22:37:50 **** Auto Build of configuration Debug for project lab5 ****
make all 
'Building file: ../src/lab5.c'
'Invoking: ARM gcc compiler'
arm-xilinx-eabi-gcc -Wall -O0 -g3 -c -fmessage-length=0 -MT"src/lab5.o" -I../../lab5_bsp/ps7_cortexa9_0/include -MMD -MP -MF"src/lab5.d" -MT"src/lab5.d" -o "src/lab5.o" "../src/lab5.c"
In file included from ../src/xutil.h:112:0,
                 from ../src/lab5.c:3:
../../lab5_bsp/ps7_cortexa9_0/include/xbasic_types.h:115:2: warning: #warning The xbasics_type.h file is deprecated and users should use xil_types.h and xil_assert. [-Wcpp]
 #warning  The xbasics_type.h file is deprecated and users should use xil_types.h and xil_assert.
  ^
../../lab5_bsp/ps7_cortexa9_0/include/xbasic_types.h:116:2: warning: #warning Please refer the Standalone BSP UG647 for further details [-Wcpp]
 #warning  Please refer the Standalone BSP UG647 for further details
  ^
../src/lab5.c: In function 'main':
../src/lab5.c:39:12: error: 'XST_FALLURE' undeclared (first use in this function)
     return XST_FALLURE;
            ^
../src/lab5.c:39:12: note: each undeclared identifier is reported only once for each function it appears in
make: *** [src/lab5.o] ´íÎó 1
22:38:15 **** Auto Build of configuration Debug for project lab5 ****
make all 
'Building file: ../src/lab5.c'
'Invoking: ARM gcc compiler'
arm-xilinx-eabi-gcc -Wall -O0 -g3 -c -fmessage-length=0 -MT"src/lab5.o" -I../../lab5_bsp/ps7_cortexa9_0/include -MMD -MP -MF"src/lab5.d" -MT"src/lab5.d" -o "src/lab5.o" "../src/lab5.c"
In file included from ../src/xutil.h:112:0,
                 from ../src/lab5.c:3:
../../lab5_bsp/ps7_cortexa9_0/include/xbasic_types.h:115:2: warning: #warning The xbasics_type.h file is deprecated and users should use xil_types.h and xil_assert. [-Wcpp]
 #warning  The xbasics_type.h file is deprecated and users should use xil_types.h and xil_assert.
  ^
../../lab5_bsp/ps7_cortexa9_0/include/xbasic_types.h:116:2: warning: #warning Please refer the Standalone BSP UG647 for further details [-Wcpp]
 #warning  Please refer the Standalone BSP UG647 for further details
  ^
'Finished building: ../src/lab5.c'
' '
'Building target: lab5.elf'
'Invoking: ARM gcc linker'
arm-xilinx-eabi-gcc -Wl,-T -Wl,../src/lscript.ld -L../../lab5_bsp/ps7_cortexa9_0/lib -o "lab5.elf"  ./src/lab5.o   -Wl,--start-group,-lxil,-lgcc,-lc,--end-group
'Finished building target: lab5.elf'
' '
'Invoking: ARM Print Size'
arm-xilinx-eabi-size lab5.elf  |tee "lab5.elf.size"
   text	   data	    bss	    dec	    hex	filename
  25152	   1200	  22580	  48932	   bf24	lab5.elf
'Finished building: lab5.elf.size'
' '
